
Memory Configuration

Name             Origin             Length             Attributes
flash            0x0000000008000000 0x0000000000020000 xr
sram             0x0000000020000000 0x0000000000005000 xrw
*default*        0x0000000000000000 0xffffffffffffffff

Linker script and memory map


.text           0x0000000008000000      0x183
                0x0000000008000000                _S_text = .
 *(.vectors*)
 .vectors       0x0000000008000000       0x1c startup.o
                0x0000000008000000                vectors
 .vectors       0x000000000800001c       0x50 startup1.o
 *(.text*)
 .text          0x000000000800006c       0x7c main.o
                0x000000000800006c                main
 .text          0x00000000080000e8       0x90 startup.o
                0x00000000080000e8                Default_handler
                0x00000000080000e8                H_Fault_handler
                0x00000000080000e8                NMI_handler
                0x00000000080000e8                MM_Fault_handler
                0x00000000080000e8                Usage_Fault_handler
                0x00000000080000e8                Bus_Fault_handler
                0x00000000080000f4                reset_handler
 .text          0x0000000008000178        0x8 startup1.o
 *(.rodata*)
 .rodata        0x0000000008000180        0x3 main.o
                0x0000000008000180                const_variables
                0x0000000008000183                _E_text = .

.glue_7         0x0000000008000184        0x0
 .glue_7        0x0000000008000184        0x0 linker stubs

.glue_7t        0x0000000008000184        0x0
 .glue_7t       0x0000000008000184        0x0 linker stubs

.vfp11_veneer   0x0000000008000184        0x0
 .vfp11_veneer  0x0000000008000184        0x0 linker stubs

.v4_bx          0x0000000008000184        0x0
 .v4_bx         0x0000000008000184        0x0 linker stubs

.iplt           0x0000000008000184        0x0
 .iplt          0x0000000008000184        0x0 main.o

.rel.dyn        0x0000000008000184        0x0
 .rel.iplt      0x0000000008000184        0x0 main.o

.data           0x0000000020000000        0x7 load address 0x0000000008000183
                0x0000000020000000                _S_data = .
 *(.data*)
 .data          0x0000000020000000        0x7 main.o
                0x0000000020000000                ODR
                0x0000000020000004                g_variables
 .data          0x0000000020000007        0x0 startup.o
 .data          0x0000000020000007        0x0 startup1.o
                0x0000000020000007                _E_data = .

.igot.plt       0x0000000020000008        0x0 load address 0x000000000800018a
 .igot.plt      0x0000000020000008        0x0 main.o

.bss            0x0000000020000007     0x1001 load address 0x000000000800018a
                0x0000000020000007                _S_bss = .
 *(.bss*)
 .bss           0x0000000020000007        0x0 main.o
 .bss           0x0000000020000007        0x0 startup.o
 .bss           0x0000000020000007        0x0 startup1.o
                0x0000000020000007                _E_bss = .
                0x0000000020000008                . = ALIGN (0x4)
 *fill*         0x0000000020000007        0x1 
                0x0000000020001008                . = (. + 0x1000)
 *fill*         0x0000000020000008     0x1000 
                0x0000000020001008                _stack_top = .
LOAD main.o
LOAD startup.o
LOAD startup1.o
OUTPUT(learn-in-depth-cortex_M3.elf elf32-littlearm)

.debug_info     0x0000000000000000      0x2f5
 .debug_info    0x0000000000000000      0x14a main.o
 .debug_info    0x000000000000014a      0x185 startup.o
 .debug_info    0x00000000000002cf       0x26 startup1.o

.debug_abbrev   0x0000000000000000      0x1d1
 .debug_abbrev  0x0000000000000000       0xe7 main.o
 .debug_abbrev  0x00000000000000e7       0xd6 startup.o
 .debug_abbrev  0x00000000000001bd       0x14 startup1.o

.debug_loc      0x0000000000000000       0xb4
 .debug_loc     0x0000000000000000       0x38 main.o
 .debug_loc     0x0000000000000038       0x7c startup.o

.debug_aranges  0x0000000000000000       0x60
 .debug_aranges
                0x0000000000000000       0x20 main.o
 .debug_aranges
                0x0000000000000020       0x20 startup.o
 .debug_aranges
                0x0000000000000040       0x20 startup1.o

.debug_line     0x0000000000000000      0x120
 .debug_line    0x0000000000000000       0x6a main.o
 .debug_line    0x000000000000006a       0x7b startup.o
 .debug_line    0x00000000000000e5       0x3b startup1.o

.debug_str      0x0000000000000000      0x1c3
 .debug_str     0x0000000000000000      0x125 main.o
                                        0x137 (size before relaxing)
 .debug_str     0x0000000000000125       0x86 startup.o
                                        0x17f (size before relaxing)
 .debug_str     0x00000000000001ab       0x18 startup1.o
                                         0x3b (size before relaxing)

.comment        0x0000000000000000       0x7b
 .comment       0x0000000000000000       0x7b main.o
                                         0x7c (size before relaxing)
 .comment       0x000000000000007b       0x7c startup.o

.ARM.attributes
                0x0000000000000000       0x31
 .ARM.attributes
                0x0000000000000000       0x33 main.o
 .ARM.attributes
                0x0000000000000033       0x33 startup.o
 .ARM.attributes
                0x0000000000000066       0x21 startup1.o

.debug_frame    0x0000000000000000       0x7c
 .debug_frame   0x0000000000000000       0x2c main.o
 .debug_frame   0x000000000000002c       0x50 startup.o
